{
	"file": "test/01-comment.input",
	"tokens": [],
	"errors": []
}